----------------VoAPI Start-----------------------
##############
candidate_api_seq: [api_url: /api/baskets/{name}/requests; api_method: Get; api_request: {'path': {'name': ['String', [], ['RESTlerString'], True]}, 'header': {}, 'query': {'max': ['Int', [], ['RESTlerInt'], False], 'skip': ['Int', [], ['RESTlerInt'], False], 'q': ['String', [], ['RESTlerString'], False], 'in': ['String', ['any', 'body', 'query', 'headers'], ['any', 'any'], False]}, 'body': {}}; api_response: {'bodyResponse': {'requests': ['Array', {'date': ['Int', ['1550300604712'], ['RESTlerInt'], False], 'headers': ['Property', {'Content-Type': ['Array', ['String', [], 'application/json', False]], 'Accept': ['Array', ['String', [], 'application/json', False], ['String', [], 'application/xml', False]], 'Connection': ['Array', ['String', [], 'close', False]]}, False], 'content_length': ['Int', ['24'], ['RESTlerInt'], False], 'body': ['String', ['user=abc_test&status=200'], ['RESTlerString'], False], 'method': ['String', ['POST'], ['RESTlerString'], False], 'path': ['String', ['/basket1/data'], ['RESTlerString'], False], 'query': ['String', ['name=basket1&version=12'], ['RESTlerString'], False]}, True], 'count': ['Int', ['200'], ['RESTlerInt'], False], 'total_count': ['Int', ['3023'], ['RESTlerInt'], False], 'has_more': ['Bool', ['true'], ['RESTlerBool'], True]}, 'headerResponse': {}}; api_request_value: {'path': {'name': ['VoAPITestString4', 'VoAPI_RANDOM']}, 'header': {}, 'query': {'max': [20, 'VoAPI_RANDOM'], 'skip': [19, 'VoAPI_RANDOM'], 'q': ['VoAPITestString23', 'VoAPI_RANDOM'], 'in': ['any', 'VoAPI_SPECIFICATION']}, 'body': {}}; api_response_value: {'bodyResponse': {'requests': ['Array', {'date': [1550300604712, 'VoAPI_SPECIFICATION'], 'headers': ['Property', {'Content-Type': ['Array', ['a', 'VoAPI_SPECIFICATION']], 'Accept': ['Array', ['a', 'VoAPI_SPECIFICATION'], ['a', 'VoAPI_SPECIFICATION']], 'Connection': ['Array', ['c', 'VoAPI_SPECIFICATION']]}, False], 'content_length': [24, 'VoAPI_SPECIFICATION'], 'body': ['user=abc_test&status=200', 'VoAPI_SPECIFICATION'], 'method': ['POST', 'VoAPI_SPECIFICATION'], 'path': ['/basket1/data', 'VoAPI_SPECIFICATION'], 'query': ['name=basket1&version=12', 'VoAPI_SPECIFICATION']}, True], 'count': [200, 'VoAPI_SPECIFICATION'], 'total_count': [3023, 'VoAPI_SPECIFICATION'], 'has_more': [True, 'VoAPI_SPECIFICATION']}, 'headerResponse': {}}]
/api/baskets/{name}/requests Get
candidate_api_seq_relations: ---------------
candidate_api_test_types: {'display_api': ['q', 'in']}
----------------Send: -----------------------
send request: get http://127.0.0.1:8886/e41p0eo/api/baskets/VoAPITestString27/requests
api_header_dict: {'Content-Type': 'application/json', 'X-Appwrite-Project': '6535db029948e', 'X-Appwrite-Mode': 'admin', 'Cookie': '_ga=GA1.1.175492708.1680936283; _gid=GA1.1.333765248.1698028254; _ga_EXFX9C09LD=GS1.1.1698028255.1.0.1698028255.0.0.0; a_session_console_legacy=eyJpZCI6IjY0NzU2Yzk5MjExNzIiLCJzZWNyZXQiOiJiYzA0MjgxNjU5YTQ5MjNkZjAwOWY3ZTE4NTY4MWFjM2YwZDExOWJhYjVlZWU4NTI0MGI5ZWM2ODdiODQwMDNmOTJkMTc1MjExZTM0NGU4MjlmNjgxN2NiN2E0ZmFlNDA2MzAyZjMzZTY1ODNiNDgzOWZhNTkzMTdmMTc4MzUyZmExNTQyZGI5YjczNzBjNDRjYzgwYzIwOTVlNWY1ZTk0NGI1OWVlMDNhOWQ1YzA3ZWNmNTQyODZkM2U0ZjM2NWFjZDMxNzRkOTZlYzc2ZDFlNGU3MzcxNjYxNDRmZWFiZTY0ZmE1ZjQzNjkyZGMxZmFjMzM4YmRkYzgwZmQwMWE2In0%3D; a_session_console=eyJpZCI6IjY0NzU2Yzk5MjExNzIiLCJzZWNyZXQiOiJiYzA0MjgxNjU5YTQ5MjNkZjAwOWY3ZTE4NTY4MWFjM2YwZDExOWJhYjVlZWU4NTI0MGI5ZWM2ODdiODQwMDNmOTJkMTc1MjExZTM0NGU4MjlmNjgxN2NiN2E0ZmFlNDA2MzAyZjMzZTY1ODNiNDgzOWZhNTkzMTdmMTc4MzUyZmExNTQyZGI5YjczNzBjNDRjYzgwYzIwOTVlNWY1ZTk0NGI1OWVlMDNhOWQ1YzA3ZWNmNTQyODZkM2U0ZjM2NWFjZDMxNzRkOTZlYzc2ZDFlNGU3MzcxNjYxNDRmZWFiZTY0ZmE1ZjQzNjkyZGMxZmFjMzM4YmRkYzgwZmQwMWE2In0%3D; _gat=1'}
api_query_dict: {'max': 39, 'skip': 12, 'q': "<img src='http://127.0.0.1:4444/xss/api/baskets/!name!/requestsVoAPIq'>", 'in': 'any'}
request_data: {}
response: 
status_code: 200
----------------Send: -----------------------
send request: get http://127.0.0.1:8886/e41p0eo/api/baskets/VoAPITestString6/requests
api_header_dict: {'Content-Type': 'application/json', 'X-Appwrite-Project': '6535db029948e', 'X-Appwrite-Mode': 'admin', 'Cookie': '_ga=GA1.1.175492708.1680936283; _gid=GA1.1.333765248.1698028254; _ga_EXFX9C09LD=GS1.1.1698028255.1.0.1698028255.0.0.0; a_session_console_legacy=eyJpZCI6IjY0NzU2Yzk5MjExNzIiLCJzZWNyZXQiOiJiYzA0MjgxNjU5YTQ5MjNkZjAwOWY3ZTE4NTY4MWFjM2YwZDExOWJhYjVlZWU4NTI0MGI5ZWM2ODdiODQwMDNmOTJkMTc1MjExZTM0NGU4MjlmNjgxN2NiN2E0ZmFlNDA2MzAyZjMzZTY1ODNiNDgzOWZhNTkzMTdmMTc4MzUyZmExNTQyZGI5YjczNzBjNDRjYzgwYzIwOTVlNWY1ZTk0NGI1OWVlMDNhOWQ1YzA3ZWNmNTQyODZkM2U0ZjM2NWFjZDMxNzRkOTZlYzc2ZDFlNGU3MzcxNjYxNDRmZWFiZTY0ZmE1ZjQzNjkyZGMxZmFjMzM4YmRkYzgwZmQwMWE2In0%3D; a_session_console=eyJpZCI6IjY0NzU2Yzk5MjExNzIiLCJzZWNyZXQiOiJiYzA0MjgxNjU5YTQ5MjNkZjAwOWY3ZTE4NTY4MWFjM2YwZDExOWJhYjVlZWU4NTI0MGI5ZWM2ODdiODQwMDNmOTJkMTc1MjExZTM0NGU4MjlmNjgxN2NiN2E0ZmFlNDA2MzAyZjMzZTY1ODNiNDgzOWZhNTkzMTdmMTc4MzUyZmExNTQyZGI5YjczNzBjNDRjYzgwYzIwOTVlNWY1ZTk0NGI1OWVlMDNhOWQ1YzA3ZWNmNTQyODZkM2U0ZjM2NWFjZDMxNzRkOTZlYzc2ZDFlNGU3MzcxNjYxNDRmZWFiZTY0ZmE1ZjQzNjkyZGMxZmFjMzM4YmRkYzgwZmQwMWE2In0%3D; _gat=1'}
api_query_dict: {'max': 6, 'skip': 15, 'q': "<img src='https://127.0.0.1:4445/xss/api/baskets/!name!/requestsVoAPIq'>", 'in': 'any'}
request_data: {}
response: 
status_code: 200
----------------Send: -----------------------
send request: get http://127.0.0.1:8886/e41p0eo/api/baskets/VoAPITestString30/requests
api_header_dict: {'Content-Type': 'application/json', 'X-Appwrite-Project': '6535db029948e', 'X-Appwrite-Mode': 'admin', 'Cookie': '_ga=GA1.1.175492708.1680936283; _gid=GA1.1.333765248.1698028254; _ga_EXFX9C09LD=GS1.1.1698028255.1.0.1698028255.0.0.0; a_session_console_legacy=eyJpZCI6IjY0NzU2Yzk5MjExNzIiLCJzZWNyZXQiOiJiYzA0MjgxNjU5YTQ5MjNkZjAwOWY3ZTE4NTY4MWFjM2YwZDExOWJhYjVlZWU4NTI0MGI5ZWM2ODdiODQwMDNmOTJkMTc1MjExZTM0NGU4MjlmNjgxN2NiN2E0ZmFlNDA2MzAyZjMzZTY1ODNiNDgzOWZhNTkzMTdmMTc4MzUyZmExNTQyZGI5YjczNzBjNDRjYzgwYzIwOTVlNWY1ZTk0NGI1OWVlMDNhOWQ1YzA3ZWNmNTQyODZkM2U0ZjM2NWFjZDMxNzRkOTZlYzc2ZDFlNGU3MzcxNjYxNDRmZWFiZTY0ZmE1ZjQzNjkyZGMxZmFjMzM4YmRkYzgwZmQwMWE2In0%3D; a_session_console=eyJpZCI6IjY0NzU2Yzk5MjExNzIiLCJzZWNyZXQiOiJiYzA0MjgxNjU5YTQ5MjNkZjAwOWY3ZTE4NTY4MWFjM2YwZDExOWJhYjVlZWU4NTI0MGI5ZWM2ODdiODQwMDNmOTJkMTc1MjExZTM0NGU4MjlmNjgxN2NiN2E0ZmFlNDA2MzAyZjMzZTY1ODNiNDgzOWZhNTkzMTdmMTc4MzUyZmExNTQyZGI5YjczNzBjNDRjYzgwYzIwOTVlNWY1ZTk0NGI1OWVlMDNhOWQ1YzA3ZWNmNTQyODZkM2U0ZjM2NWFjZDMxNzRkOTZlYzc2ZDFlNGU3MzcxNjYxNDRmZWFiZTY0ZmE1ZjQzNjkyZGMxZmFjMzM4YmRkYzgwZmQwMWE2In0%3D; _gat=1'}
api_query_dict: {'max': 9, 'skip': 36, 'q': "<script>window.location='http://127.0.0.1:4444/xss/api/baskets/!name!/requestsVoAPIq'</script>", 'in': 'any'}
request_data: {}
response: 
status_code: 200
----------------Send: -----------------------
send request: get http://127.0.0.1:8886/e41p0eo/api/baskets/VoAPITestString36/requests
api_header_dict: {'Content-Type': 'application/json', 'X-Appwrite-Project': '6535db029948e', 'X-Appwrite-Mode': 'admin', 'Cookie': '_ga=GA1.1.175492708.1680936283; _gid=GA1.1.333765248.1698028254; _ga_EXFX9C09LD=GS1.1.1698028255.1.0.1698028255.0.0.0; a_session_console_legacy=eyJpZCI6IjY0NzU2Yzk5MjExNzIiLCJzZWNyZXQiOiJiYzA0MjgxNjU5YTQ5MjNkZjAwOWY3ZTE4NTY4MWFjM2YwZDExOWJhYjVlZWU4NTI0MGI5ZWM2ODdiODQwMDNmOTJkMTc1MjExZTM0NGU4MjlmNjgxN2NiN2E0ZmFlNDA2MzAyZjMzZTY1ODNiNDgzOWZhNTkzMTdmMTc4MzUyZmExNTQyZGI5YjczNzBjNDRjYzgwYzIwOTVlNWY1ZTk0NGI1OWVlMDNhOWQ1YzA3ZWNmNTQyODZkM2U0ZjM2NWFjZDMxNzRkOTZlYzc2ZDFlNGU3MzcxNjYxNDRmZWFiZTY0ZmE1ZjQzNjkyZGMxZmFjMzM4YmRkYzgwZmQwMWE2In0%3D; a_session_console=eyJpZCI6IjY0NzU2Yzk5MjExNzIiLCJzZWNyZXQiOiJiYzA0MjgxNjU5YTQ5MjNkZjAwOWY3ZTE4NTY4MWFjM2YwZDExOWJhYjVlZWU4NTI0MGI5ZWM2ODdiODQwMDNmOTJkMTc1MjExZTM0NGU4MjlmNjgxN2NiN2E0ZmFlNDA2MzAyZjMzZTY1ODNiNDgzOWZhNTkzMTdmMTc4MzUyZmExNTQyZGI5YjczNzBjNDRjYzgwYzIwOTVlNWY1ZTk0NGI1OWVlMDNhOWQ1YzA3ZWNmNTQyODZkM2U0ZjM2NWFjZDMxNzRkOTZlYzc2ZDFlNGU3MzcxNjYxNDRmZWFiZTY0ZmE1ZjQzNjkyZGMxZmFjMzM4YmRkYzgwZmQwMWE2In0%3D; _gat=1'}
api_query_dict: {'max': 39, 'skip': 12, 'q': 'VoAPITestString1', 'in': "<img src='http://127.0.0.1:4444/xss/api/baskets/!name!/requestsVoAPIin'>"}
request_data: {}
response: 
status_code: 200
----------------Send: -----------------------
send request: get http://127.0.0.1:8886/e41p0eo/api/baskets/VoAPITestString27/requests
api_header_dict: {'Content-Type': 'application/json', 'X-Appwrite-Project': '6535db029948e', 'X-Appwrite-Mode': 'admin', 'Cookie': '_ga=GA1.1.175492708.1680936283; _gid=GA1.1.333765248.1698028254; _ga_EXFX9C09LD=GS1.1.1698028255.1.0.1698028255.0.0.0; a_session_console_legacy=eyJpZCI6IjY0NzU2Yzk5MjExNzIiLCJzZWNyZXQiOiJiYzA0MjgxNjU5YTQ5MjNkZjAwOWY3ZTE4NTY4MWFjM2YwZDExOWJhYjVlZWU4NTI0MGI5ZWM2ODdiODQwMDNmOTJkMTc1MjExZTM0NGU4MjlmNjgxN2NiN2E0ZmFlNDA2MzAyZjMzZTY1ODNiNDgzOWZhNTkzMTdmMTc4MzUyZmExNTQyZGI5YjczNzBjNDRjYzgwYzIwOTVlNWY1ZTk0NGI1OWVlMDNhOWQ1YzA3ZWNmNTQyODZkM2U0ZjM2NWFjZDMxNzRkOTZlYzc2ZDFlNGU3MzcxNjYxNDRmZWFiZTY0ZmE1ZjQzNjkyZGMxZmFjMzM4YmRkYzgwZmQwMWE2In0%3D; a_session_console=eyJpZCI6IjY0NzU2Yzk5MjExNzIiLCJzZWNyZXQiOiJiYzA0MjgxNjU5YTQ5MjNkZjAwOWY3ZTE4NTY4MWFjM2YwZDExOWJhYjVlZWU4NTI0MGI5ZWM2ODdiODQwMDNmOTJkMTc1MjExZTM0NGU4MjlmNjgxN2NiN2E0ZmFlNDA2MzAyZjMzZTY1ODNiNDgzOWZhNTkzMTdmMTc4MzUyZmExNTQyZGI5YjczNzBjNDRjYzgwYzIwOTVlNWY1ZTk0NGI1OWVlMDNhOWQ1YzA3ZWNmNTQyODZkM2U0ZjM2NWFjZDMxNzRkOTZlYzc2ZDFlNGU3MzcxNjYxNDRmZWFiZTY0ZmE1ZjQzNjkyZGMxZmFjMzM4YmRkYzgwZmQwMWE2In0%3D; _gat=1'}
api_query_dict: {'max': 33, 'skip': 17, 'q': 'VoAPITestString14', 'in': "<img src='https://127.0.0.1:4445/xss/api/baskets/!name!/requestsVoAPIin'>"}
request_data: {}
response: 
status_code: 200
----------------Send: -----------------------
send request: get http://127.0.0.1:8886/e41p0eo/api/baskets/VoAPITestString19/requests
api_header_dict: {'Content-Type': 'application/json', 'X-Appwrite-Project': '6535db029948e', 'X-Appwrite-Mode': 'admin', 'Cookie': '_ga=GA1.1.175492708.1680936283; _gid=GA1.1.333765248.1698028254; _ga_EXFX9C09LD=GS1.1.1698028255.1.0.1698028255.0.0.0; a_session_console_legacy=eyJpZCI6IjY0NzU2Yzk5MjExNzIiLCJzZWNyZXQiOiJiYzA0MjgxNjU5YTQ5MjNkZjAwOWY3ZTE4NTY4MWFjM2YwZDExOWJhYjVlZWU4NTI0MGI5ZWM2ODdiODQwMDNmOTJkMTc1MjExZTM0NGU4MjlmNjgxN2NiN2E0ZmFlNDA2MzAyZjMzZTY1ODNiNDgzOWZhNTkzMTdmMTc4MzUyZmExNTQyZGI5YjczNzBjNDRjYzgwYzIwOTVlNWY1ZTk0NGI1OWVlMDNhOWQ1YzA3ZWNmNTQyODZkM2U0ZjM2NWFjZDMxNzRkOTZlYzc2ZDFlNGU3MzcxNjYxNDRmZWFiZTY0ZmE1ZjQzNjkyZGMxZmFjMzM4YmRkYzgwZmQwMWE2In0%3D; a_session_console=eyJpZCI6IjY0NzU2Yzk5MjExNzIiLCJzZWNyZXQiOiJiYzA0MjgxNjU5YTQ5MjNkZjAwOWY3ZTE4NTY4MWFjM2YwZDExOWJhYjVlZWU4NTI0MGI5ZWM2ODdiODQwMDNmOTJkMTc1MjExZTM0NGU4MjlmNjgxN2NiN2E0ZmFlNDA2MzAyZjMzZTY1ODNiNDgzOWZhNTkzMTdmMTc4MzUyZmExNTQyZGI5YjczNzBjNDRjYzgwYzIwOTVlNWY1ZTk0NGI1OWVlMDNhOWQ1YzA3ZWNmNTQyODZkM2U0ZjM2NWFjZDMxNzRkOTZlYzc2ZDFlNGU3MzcxNjYxNDRmZWFiZTY0ZmE1ZjQzNjkyZGMxZmFjMzM4YmRkYzgwZmQwMWE2In0%3D; _gat=1'}
api_query_dict: {'max': 24, 'skip': 43, 'q': 'VoAPITestString3', 'in': "<script>window.location='http://127.0.0.1:4444/xss/api/baskets/!name!/requestsVoAPIin'</script>"}
request_data: {}
response: 
status_code: 200
##############
candidate_api_seq: [api_url: /baskets/{name}/requests; api_method: Get; api_request: {'path': {'name': ['String', [], ['RESTlerString'], True]}, 'header': {}, 'query': {'max': ['Int', [], ['RESTlerInt'], False], 'skip': ['Int', [], ['RESTlerInt'], False], 'q': ['String', [], ['RESTlerString'], False], 'in': ['String', ['any', 'body', 'query', 'headers'], ['any', 'any'], False]}, 'body': {}}; api_response: {'bodyResponse': {'requests': ['Array', {'date': ['Int', ['1550300604712'], ['RESTlerInt'], False], 'headers': ['Property', {'Content-Type': ['Array', ['String', [], 'application/json', False]], 'Accept': ['Array', ['String', [], 'application/json', False], ['String', [], 'application/xml', False]], 'Connection': ['Array', ['String', [], 'close', False]]}, False], 'content_length': ['Int', ['24'], ['RESTlerInt'], False], 'body': ['String', ['user=abc_test&status=200'], ['RESTlerString'], False], 'method': ['String', ['POST'], ['RESTlerString'], False], 'path': ['String', ['/basket1/data'], ['RESTlerString'], False], 'query': ['String', ['name=basket1&version=12'], ['RESTlerString'], False]}, True], 'count': ['Int', ['200'], ['RESTlerInt'], False], 'total_count': ['Int', ['3023'], ['RESTlerInt'], False], 'has_more': ['Bool', ['true'], ['RESTlerBool'], True]}, 'headerResponse': {}}; api_request_value: {'path': {'name': ['VoAPITestString27', 'VoAPI_RANDOM']}, 'header': {}, 'query': {'max': [27, 'VoAPI_RANDOM'], 'skip': [29, 'VoAPI_RANDOM'], 'q': ['VoAPITestString40', 'VoAPI_RANDOM'], 'in': ['any', 'VoAPI_SPECIFICATION']}, 'body': {}}; api_response_value: {'bodyResponse': {'requests': ['Array', {'date': [1550300604712, 'VoAPI_SPECIFICATION'], 'headers': ['Property', {'Content-Type': ['Array', ['a', 'VoAPI_SPECIFICATION']], 'Accept': ['Array', ['a', 'VoAPI_SPECIFICATION'], ['a', 'VoAPI_SPECIFICATION']], 'Connection': ['Array', ['c', 'VoAPI_SPECIFICATION']]}, False], 'content_length': [24, 'VoAPI_SPECIFICATION'], 'body': ['user=abc_test&status=200', 'VoAPI_SPECIFICATION'], 'method': ['POST', 'VoAPI_SPECIFICATION'], 'path': ['/basket1/data', 'VoAPI_SPECIFICATION'], 'query': ['name=basket1&version=12', 'VoAPI_SPECIFICATION']}, True], 'count': [200, 'VoAPI_SPECIFICATION'], 'total_count': [3023, 'VoAPI_SPECIFICATION'], 'has_more': [True, 'VoAPI_SPECIFICATION']}, 'headerResponse': {}}]
/baskets/{name}/requests Get
candidate_api_seq_relations: ---------------
candidate_api_test_types: {'display_api': ['q', 'in']}
----------------Send: -----------------------
send request: get http://127.0.0.1:8886/e41p0eo/baskets/VoAPITestString2/requests
api_header_dict: {'Content-Type': 'application/json', 'X-Appwrite-Project': '6535db029948e', 'X-Appwrite-Mode': 'admin', 'Cookie': '_ga=GA1.1.175492708.1680936283; _gid=GA1.1.333765248.1698028254; _ga_EXFX9C09LD=GS1.1.1698028255.1.0.1698028255.0.0.0; a_session_console_legacy=eyJpZCI6IjY0NzU2Yzk5MjExNzIiLCJzZWNyZXQiOiJiYzA0MjgxNjU5YTQ5MjNkZjAwOWY3ZTE4NTY4MWFjM2YwZDExOWJhYjVlZWU4NTI0MGI5ZWM2ODdiODQwMDNmOTJkMTc1MjExZTM0NGU4MjlmNjgxN2NiN2E0ZmFlNDA2MzAyZjMzZTY1ODNiNDgzOWZhNTkzMTdmMTc4MzUyZmExNTQyZGI5YjczNzBjNDRjYzgwYzIwOTVlNWY1ZTk0NGI1OWVlMDNhOWQ1YzA3ZWNmNTQyODZkM2U0ZjM2NWFjZDMxNzRkOTZlYzc2ZDFlNGU3MzcxNjYxNDRmZWFiZTY0ZmE1ZjQzNjkyZGMxZmFjMzM4YmRkYzgwZmQwMWE2In0%3D; a_session_console=eyJpZCI6IjY0NzU2Yzk5MjExNzIiLCJzZWNyZXQiOiJiYzA0MjgxNjU5YTQ5MjNkZjAwOWY3ZTE4NTY4MWFjM2YwZDExOWJhYjVlZWU4NTI0MGI5ZWM2ODdiODQwMDNmOTJkMTc1MjExZTM0NGU4MjlmNjgxN2NiN2E0ZmFlNDA2MzAyZjMzZTY1ODNiNDgzOWZhNTkzMTdmMTc4MzUyZmExNTQyZGI5YjczNzBjNDRjYzgwYzIwOTVlNWY1ZTk0NGI1OWVlMDNhOWQ1YzA3ZWNmNTQyODZkM2U0ZjM2NWFjZDMxNzRkOTZlYzc2ZDFlNGU3MzcxNjYxNDRmZWFiZTY0ZmE1ZjQzNjkyZGMxZmFjMzM4YmRkYzgwZmQwMWE2In0%3D; _gat=1'}
api_query_dict: {'max': 7, 'skip': 39, 'q': "<img src='http://127.0.0.1:4444/xss/baskets/!name!/requestsVoAPIq'>", 'in': 'any'}
request_data: {}
response: 
status_code: 200
----------------Send: -----------------------
send request: get http://127.0.0.1:8886/e41p0eo/baskets/VoAPITestString3/requests
api_header_dict: {'Content-Type': 'application/json', 'X-Appwrite-Project': '6535db029948e', 'X-Appwrite-Mode': 'admin', 'Cookie': '_ga=GA1.1.175492708.1680936283; _gid=GA1.1.333765248.1698028254; _ga_EXFX9C09LD=GS1.1.1698028255.1.0.1698028255.0.0.0; a_session_console_legacy=eyJpZCI6IjY0NzU2Yzk5MjExNzIiLCJzZWNyZXQiOiJiYzA0MjgxNjU5YTQ5MjNkZjAwOWY3ZTE4NTY4MWFjM2YwZDExOWJhYjVlZWU4NTI0MGI5ZWM2ODdiODQwMDNmOTJkMTc1MjExZTM0NGU4MjlmNjgxN2NiN2E0ZmFlNDA2MzAyZjMzZTY1ODNiNDgzOWZhNTkzMTdmMTc4MzUyZmExNTQyZGI5YjczNzBjNDRjYzgwYzIwOTVlNWY1ZTk0NGI1OWVlMDNhOWQ1YzA3ZWNmNTQyODZkM2U0ZjM2NWFjZDMxNzRkOTZlYzc2ZDFlNGU3MzcxNjYxNDRmZWFiZTY0ZmE1ZjQzNjkyZGMxZmFjMzM4YmRkYzgwZmQwMWE2In0%3D; a_session_console=eyJpZCI6IjY0NzU2Yzk5MjExNzIiLCJzZWNyZXQiOiJiYzA0MjgxNjU5YTQ5MjNkZjAwOWY3ZTE4NTY4MWFjM2YwZDExOWJhYjVlZWU4NTI0MGI5ZWM2ODdiODQwMDNmOTJkMTc1MjExZTM0NGU4MjlmNjgxN2NiN2E0ZmFlNDA2MzAyZjMzZTY1ODNiNDgzOWZhNTkzMTdmMTc4MzUyZmExNTQyZGI5YjczNzBjNDRjYzgwYzIwOTVlNWY1ZTk0NGI1OWVlMDNhOWQ1YzA3ZWNmNTQyODZkM2U0ZjM2NWFjZDMxNzRkOTZlYzc2ZDFlNGU3MzcxNjYxNDRmZWFiZTY0ZmE1ZjQzNjkyZGMxZmFjMzM4YmRkYzgwZmQwMWE2In0%3D; _gat=1'}
api_query_dict: {'max': 17, 'skip': 20, 'q': "<img src='https://127.0.0.1:4445/xss/baskets/!name!/requestsVoAPIq'>", 'in': 'any'}
request_data: {}
response: 
status_code: 200
----------------Send: -----------------------
send request: get http://127.0.0.1:8886/e41p0eo/baskets/VoAPITestString14/requests
api_header_dict: {'Content-Type': 'application/json', 'X-Appwrite-Project': '6535db029948e', 'X-Appwrite-Mode': 'admin', 'Cookie': '_ga=GA1.1.175492708.1680936283; _gid=GA1.1.333765248.1698028254; _ga_EXFX9C09LD=GS1.1.1698028255.1.0.1698028255.0.0.0; a_session_console_legacy=eyJpZCI6IjY0NzU2Yzk5MjExNzIiLCJzZWNyZXQiOiJiYzA0MjgxNjU5YTQ5MjNkZjAwOWY3ZTE4NTY4MWFjM2YwZDExOWJhYjVlZWU4NTI0MGI5ZWM2ODdiODQwMDNmOTJkMTc1MjExZTM0NGU4MjlmNjgxN2NiN2E0ZmFlNDA2MzAyZjMzZTY1ODNiNDgzOWZhNTkzMTdmMTc4MzUyZmExNTQyZGI5YjczNzBjNDRjYzgwYzIwOTVlNWY1ZTk0NGI1OWVlMDNhOWQ1YzA3ZWNmNTQyODZkM2U0ZjM2NWFjZDMxNzRkOTZlYzc2ZDFlNGU3MzcxNjYxNDRmZWFiZTY0ZmE1ZjQzNjkyZGMxZmFjMzM4YmRkYzgwZmQwMWE2In0%3D; a_session_console=eyJpZCI6IjY0NzU2Yzk5MjExNzIiLCJzZWNyZXQiOiJiYzA0MjgxNjU5YTQ5MjNkZjAwOWY3ZTE4NTY4MWFjM2YwZDExOWJhYjVlZWU4NTI0MGI5ZWM2ODdiODQwMDNmOTJkMTc1MjExZTM0NGU4MjlmNjgxN2NiN2E0ZmFlNDA2MzAyZjMzZTY1ODNiNDgzOWZhNTkzMTdmMTc4MzUyZmExNTQyZGI5YjczNzBjNDRjYzgwYzIwOTVlNWY1ZTk0NGI1OWVlMDNhOWQ1YzA3ZWNmNTQyODZkM2U0ZjM2NWFjZDMxNzRkOTZlYzc2ZDFlNGU3MzcxNjYxNDRmZWFiZTY0ZmE1ZjQzNjkyZGMxZmFjMzM4YmRkYzgwZmQwMWE2In0%3D; _gat=1'}
api_query_dict: {'max': 12, 'skip': 39, 'q': "<script>window.location='http://127.0.0.1:4444/xss/baskets/!name!/requestsVoAPIq'</script>", 'in': 'any'}
request_data: {}
response: 
status_code: 200
----------------Send: -----------------------
send request: get http://127.0.0.1:8886/e41p0eo/baskets/VoAPITestString31/requests
api_header_dict: {'Content-Type': 'application/json', 'X-Appwrite-Project': '6535db029948e', 'X-Appwrite-Mode': 'admin', 'Cookie': '_ga=GA1.1.175492708.1680936283; _gid=GA1.1.333765248.1698028254; _ga_EXFX9C09LD=GS1.1.1698028255.1.0.1698028255.0.0.0; a_session_console_legacy=eyJpZCI6IjY0NzU2Yzk5MjExNzIiLCJzZWNyZXQiOiJiYzA0MjgxNjU5YTQ5MjNkZjAwOWY3ZTE4NTY4MWFjM2YwZDExOWJhYjVlZWU4NTI0MGI5ZWM2ODdiODQwMDNmOTJkMTc1MjExZTM0NGU4MjlmNjgxN2NiN2E0ZmFlNDA2MzAyZjMzZTY1ODNiNDgzOWZhNTkzMTdmMTc4MzUyZmExNTQyZGI5YjczNzBjNDRjYzgwYzIwOTVlNWY1ZTk0NGI1OWVlMDNhOWQ1YzA3ZWNmNTQyODZkM2U0ZjM2NWFjZDMxNzRkOTZlYzc2ZDFlNGU3MzcxNjYxNDRmZWFiZTY0ZmE1ZjQzNjkyZGMxZmFjMzM4YmRkYzgwZmQwMWE2In0%3D; a_session_console=eyJpZCI6IjY0NzU2Yzk5MjExNzIiLCJzZWNyZXQiOiJiYzA0MjgxNjU5YTQ5MjNkZjAwOWY3ZTE4NTY4MWFjM2YwZDExOWJhYjVlZWU4NTI0MGI5ZWM2ODdiODQwMDNmOTJkMTc1MjExZTM0NGU4MjlmNjgxN2NiN2E0ZmFlNDA2MzAyZjMzZTY1ODNiNDgzOWZhNTkzMTdmMTc4MzUyZmExNTQyZGI5YjczNzBjNDRjYzgwYzIwOTVlNWY1ZTk0NGI1OWVlMDNhOWQ1YzA3ZWNmNTQyODZkM2U0ZjM2NWFjZDMxNzRkOTZlYzc2ZDFlNGU3MzcxNjYxNDRmZWFiZTY0ZmE1ZjQzNjkyZGMxZmFjMzM4YmRkYzgwZmQwMWE2In0%3D; _gat=1'}
api_query_dict: {'max': 10, 'skip': 34, 'q': 'VoAPITestString18', 'in': "<img src='http://127.0.0.1:4444/xss/baskets/!name!/requestsVoAPIin'>"}
request_data: {}
response: 
status_code: 200
----------------Send: -----------------------
send request: get http://127.0.0.1:8886/e41p0eo/baskets/VoAPITestString7/requests
api_header_dict: {'Content-Type': 'application/json', 'X-Appwrite-Project': '6535db029948e', 'X-Appwrite-Mode': 'admin', 'Cookie': '_ga=GA1.1.175492708.1680936283; _gid=GA1.1.333765248.1698028254; _ga_EXFX9C09LD=GS1.1.1698028255.1.0.1698028255.0.0.0; a_session_console_legacy=eyJpZCI6IjY0NzU2Yzk5MjExNzIiLCJzZWNyZXQiOiJiYzA0MjgxNjU5YTQ5MjNkZjAwOWY3ZTE4NTY4MWFjM2YwZDExOWJhYjVlZWU4NTI0MGI5ZWM2ODdiODQwMDNmOTJkMTc1MjExZTM0NGU4MjlmNjgxN2NiN2E0ZmFlNDA2MzAyZjMzZTY1ODNiNDgzOWZhNTkzMTdmMTc4MzUyZmExNTQyZGI5YjczNzBjNDRjYzgwYzIwOTVlNWY1ZTk0NGI1OWVlMDNhOWQ1YzA3ZWNmNTQyODZkM2U0ZjM2NWFjZDMxNzRkOTZlYzc2ZDFlNGU3MzcxNjYxNDRmZWFiZTY0ZmE1ZjQzNjkyZGMxZmFjMzM4YmRkYzgwZmQwMWE2In0%3D; a_session_console=eyJpZCI6IjY0NzU2Yzk5MjExNzIiLCJzZWNyZXQiOiJiYzA0MjgxNjU5YTQ5MjNkZjAwOWY3ZTE4NTY4MWFjM2YwZDExOWJhYjVlZWU4NTI0MGI5ZWM2ODdiODQwMDNmOTJkMTc1MjExZTM0NGU4MjlmNjgxN2NiN2E0ZmFlNDA2MzAyZjMzZTY1ODNiNDgzOWZhNTkzMTdmMTc4MzUyZmExNTQyZGI5YjczNzBjNDRjYzgwYzIwOTVlNWY1ZTk0NGI1OWVlMDNhOWQ1YzA3ZWNmNTQyODZkM2U0ZjM2NWFjZDMxNzRkOTZlYzc2ZDFlNGU3MzcxNjYxNDRmZWFiZTY0ZmE1ZjQzNjkyZGMxZmFjMzM4YmRkYzgwZmQwMWE2In0%3D; _gat=1'}
api_query_dict: {'max': 14, 'skip': 37, 'q': 'VoAPITestString25', 'in': "<img src='https://127.0.0.1:4445/xss/baskets/!name!/requestsVoAPIin'>"}
request_data: {}
response: 
status_code: 200
----------------Send: -----------------------
send request: get http://127.0.0.1:8886/e41p0eo/baskets/VoAPITestString14/requests
api_header_dict: {'Content-Type': 'application/json', 'X-Appwrite-Project': '6535db029948e', 'X-Appwrite-Mode': 'admin', 'Cookie': '_ga=GA1.1.175492708.1680936283; _gid=GA1.1.333765248.1698028254; _ga_EXFX9C09LD=GS1.1.1698028255.1.0.1698028255.0.0.0; a_session_console_legacy=eyJpZCI6IjY0NzU2Yzk5MjExNzIiLCJzZWNyZXQiOiJiYzA0MjgxNjU5YTQ5MjNkZjAwOWY3ZTE4NTY4MWFjM2YwZDExOWJhYjVlZWU4NTI0MGI5ZWM2ODdiODQwMDNmOTJkMTc1MjExZTM0NGU4MjlmNjgxN2NiN2E0ZmFlNDA2MzAyZjMzZTY1ODNiNDgzOWZhNTkzMTdmMTc4MzUyZmExNTQyZGI5YjczNzBjNDRjYzgwYzIwOTVlNWY1ZTk0NGI1OWVlMDNhOWQ1YzA3ZWNmNTQyODZkM2U0ZjM2NWFjZDMxNzRkOTZlYzc2ZDFlNGU3MzcxNjYxNDRmZWFiZTY0ZmE1ZjQzNjkyZGMxZmFjMzM4YmRkYzgwZmQwMWE2In0%3D; a_session_console=eyJpZCI6IjY0NzU2Yzk5MjExNzIiLCJzZWNyZXQiOiJiYzA0MjgxNjU5YTQ5MjNkZjAwOWY3ZTE4NTY4MWFjM2YwZDExOWJhYjVlZWU4NTI0MGI5ZWM2ODdiODQwMDNmOTJkMTc1MjExZTM0NGU4MjlmNjgxN2NiN2E0ZmFlNDA2MzAyZjMzZTY1ODNiNDgzOWZhNTkzMTdmMTc4MzUyZmExNTQyZGI5YjczNzBjNDRjYzgwYzIwOTVlNWY1ZTk0NGI1OWVlMDNhOWQ1YzA3ZWNmNTQyODZkM2U0ZjM2NWFjZDMxNzRkOTZlYzc2ZDFlNGU3MzcxNjYxNDRmZWFiZTY0ZmE1ZjQzNjkyZGMxZmFjMzM4YmRkYzgwZmQwMWE2In0%3D; _gat=1'}
api_query_dict: {'max': 30, 'skip': 32, 'q': 'VoAPITestString13', 'in': "<script>window.location='http://127.0.0.1:4444/xss/baskets/!name!/requestsVoAPIin'</script>"}
request_data: {}
response: 
status_code: 200
----------------VoAPI End-----------------------
